
111111111111111111111111111111110

11111111111111111111111111111110

111111111111111111111111111111010

1111111111111111111111111111110

111111111111111111111111111110110
0
0
